Forêt aléatoire (train + early_stop)...
Forêt aplatie : {"n_trees": 200, "n_nodes": 330016, "depth": 49, "memory_mb": 9.1, "max_abs_diff_vs_sklearn": 7.771561172376096e-16, "predict_ms": {"p50": 1.876, "p99": 2.906}, "explain_ms": {"p50": 2.464, "p99": 6.159}}
Hybride actuel (XGB + LSTM + AE) val 0.4610 (vérité 0.9098) | test vérité 0.9365 MM 0.9666 Visa 0.7433 | p99 6.9 ms
Forêt aléatoire + LSTM           val 0.4764 (vérité 0.9376) | test vérité 0.9550 MM 0.9737 Visa 0.8098 | p99 11.4 ms
Forêt aléatoire + LSTM + AE      val 0.4677 (vérité 0.9368) | test vérité 0.9555 MM 0.9739 Visa 0.8126 | p99 12.1 ms
Test (vérité) Forêt aléatoire + LSTM − hybride actuel : {'global': {'delta': 0.0185, 'ci95': [0.0118, 0.0258], 'significant': True}, 'mobile_money': {'delta': 0.0071, 'ci95': [0.0026, 0.0126], 'significant': True}, 'visa': {'delta': 0.0665, 'ci95': [0.0228, 0.11], 'significant': True}}
Test (vérité) Forêt aléatoire + LSTM + AE − hybride actuel : {'global': {'delta': 0.0189, 'ci95': [0.0122, 0.0262], 'significant': True}, 'mobile_money': {'delta': 0.0073, 'ci95': [0.0028, 0.0128], 'significant': True}, 'visa': {'delta': 0.0693, 'ci95': [0.0246, 0.113], 'significant': True}}
Effet de l'autoencodeur avec la forêt (test, vérité) : {'global': {'delta': 0.0005, 'ci95': [0.0, 0.0011], 'significant': True}, 'visa': {'delta': 0.0028, 'ci95': [-0.0001, 0.0063], 'significant': False}}
Fraude inconnue (forêt) : entraînement sans SIM_SWAP...
    SIM_SWAP: {'n_test': 191, 'foret_sans_T': 0.927, 'foret_sans_T_plus_ae': 0.937, 'ae_seul': 0.335}  (le LSTM a vu SIM_SWAP : exclu de ce test)
Fraude inconnue (forêt) : entraînement sans ACCOUNT_TAKEOVER...
    ACCOUNT_TAKEOVER: {'n_test': 109, 'foret_sans_T': 0.771, 'foret_sans_T_plus_ae': 0.78, 'ae_seul': 0.138}  (le LSTM a vu ACCOUNT_TAKEOVER : exclu de ce test)
Fraude inconnue (forêt) : entraînement sans SOCIAL_ENGINEERING...
    SOCIAL_ENGINEERING: {'n_test': 197, 'foret_sans_T': 0.447, 'foret_sans_T_plus_ae': 0.528, 'ae_seul': 0.416}  (le LSTM a vu SOCIAL_ENGINEERING : exclu de ce test)
Fraude inconnue (forêt) : entraînement sans AGENT_FRAUD...
    AGENT_FRAUD: {'n_test': 173, 'foret_sans_T': 0.156, 'foret_sans_T_plus_ae': 0.191, 'ae_seul': 0.347}  (le LSTM a vu AGENT_FRAUD : exclu de ce test)
Fraude inconnue (forêt) : entraînement sans SMURFING...
    SMURFING: {'n_test': 192, 'foret_sans_T': 0.281, 'foret_sans_T_plus_ae': 0.333, 'ae_seul': 0.339}  (le LSTM a vu SMURFING : exclu de ce test)
Fraude inconnue (forêt) : entraînement sans CARD_TESTING...
    CARD_TESTING: {'n_test': 64, 'foret_sans_T': 0.328, 'foret_sans_T_plus_ae': 0.344, 'ae_seul': 0.625}  (le LSTM a vu CARD_TESTING : exclu de ce test)
Fraude inconnue (forêt) : entraînement sans CNP_FRAUD...
    CNP_FRAUD: {'n_test': 52, 'foret_sans_T': 0.769, 'foret_sans_T_plus_ae': 0.827, 'ae_seul': 0.462}  (le LSTM a vu CNP_FRAUD : exclu de ce test)
Fraude inconnue (forêt) : entraînement sans TOPUP_DRAIN...
    TOPUP_DRAIN: {'n_test': 36, 'foret_sans_T': 0.861, 'foret_sans_T_plus_ae': 0.861, 'ae_seul': 0.222}  (le LSTM a vu TOPUP_DRAIN : exclu de ce test)

Rapport : ml\reports\selection_foret.json  (23.8 min)
EXIT 0
